// Jest Snapshot v1, https://goo.gl/fbAQLP

exports[`<Balance /> renders correctly 1`] = `
<Text
  style={
    Object {
      "color": "#4e5154",
      "fontSize": 14,
      "fontWeight": "100",
      "maxWidth": 160,
    }
  }
  testID="balance-text"
>
  Balance: 
  200 $
</Text>
`;
